// Jest Snapshot v1, https://goo.gl/fbAQLP

exports[`matches snapshot 1`] = `
<div
  className="breadcrumbWrapper"
>
  <ol>
    <li>
      Home
    </li>
    <li>
      Sale
    </li>
    <li>
      All Residential
    </li>
  </ol>
</div>
`;
